#-----------------------------------------------------------
# Vivado v2017.1 (64-bit)
# SW Build 1846317 on Fri Apr 14 18:55:03 MDT 2017
# IP Build 1846188 on Fri Apr 14 20:52:08 MDT 2017
# Start of session at: Wed Dec  6 19:47:36 2017
# Process ID: 4528
# Current directory: C:/Users/User/Desktop/Final_Project/Final_Project
# Command line: vivado.exe -gui_launcher_event rodinguilauncherevent5572 C:\Users\User\Desktop\Final_Project\Final_Project\Final_Project.xpr
# Log file: C:/Users/User/Desktop/Final_Project/Final_Project/vivado.log
# Journal file: C:/Users/User/Desktop/Final_Project/Final_Project\vivado.jou
#-----------------------------------------------------------
start_gui
open_project C:/Users/User/Desktop/Final_Project/Final_Project/Final_Project.xpr
update_compile_order -fileset sources_1
launch_simulation
source sequencer.tcl
add_bp {C:/Users/User/Desktop/Final_Project/Final_Project/Final_Project.srcs/sources_1/new/sequencer.v} 61
remove_bps -file {C:/Users/User/Desktop/Final_Project/Final_Project/Final_Project.srcs/sources_1/new/sequencer.v} -line 61
run all
restart
restart
close_sim
launch_simulation
source sequencer.tcl
close_sim
launch_simulation
source sequencer.tcl
close_sim
launch_simulation
source sequencer.tcl
close_sim
launch_simulation
source sequencer.tcl
create_wave_config; add_wave /; set_property needs_save false [current_wave_config]
close_sim
launch_simulation
source sequencer.tcl
close_sim
launch_simulation
source sequencer.tcl
close_sim
launch_simulation
source sequencer.tcl
close_sim
launch_simulation
source sequencer.tcl
add_force {/sequencer/w0} -radix hex {0 0ns} -cancel_after 1ns
add_force {/sequencer/w1} -radix hex {0 0ns} -cancel_after 1ns
run 10 us
run 10 us
restart
add_force {/sequencer/w0} -radix hex {0 0ns}
add_force {/sequencer/w1} -radix hex {0 0ns}
run all
create_wave_config; add_wave /; set_property needs_save false [current_wave_config]
close_sim
launch_simulation
source sequencer.tcl
close_sim
# Disabling source management mode.  This is to allow the top design properties to be set without GUI intervention.
set_property source_mgmt_mode None [current_project]
set_property top D_ff [current_fileset]
# Re-enabling previously disabled source management mode.
set_property source_mgmt_mode All [current_project]
update_compile_order -fileset sources_1
# Disabling source management mode.  This is to allow the top design properties to be set without GUI intervention.
set_property source_mgmt_mode None [current_project]
set_property top sequencer [current_fileset]
# Re-enabling previously disabled source management mode.
set_property source_mgmt_mode All [current_project]
update_compile_order -fileset sources_1
launch_simulation
source sequencer.tcl
close_sim
launch_simulation
source sequencer.tcl
close_sim
launch_simulation
source sequencer.tcl
add_wave {{/sequencer/d0}} 
close_sim
launch_simulation
source sequencer.tcl
close_sim
launch_simulation
source sequencer.tcl
close_sim
launch_simulation
source sequencer.tcl
close_sim
launch_simulation
source sequencer.tcl
close_sim
update_compile_order -fileset sources_1
launch_simulation
source sequencer.tcl
# Disabling source management mode.  This is to allow the top design properties to be set without GUI intervention.
set_property source_mgmt_mode None [current_project]
set_property top testbench [get_filesets sim_1]
set_property top_lib xil_defaultlib [get_filesets sim_1]
# Re-enabling previously disabled source management mode.
set_property source_mgmt_mode All [current_project]
update_compile_order -fileset sim_1
launch_simulation
close_sim
